###############################################################################
#                                                                             #
# IAR ELF Linker V6.30.1.53127/W32 for ARM              24/Sep/2014  20:58:21 #
# Copyright 2007-2011 IAR Systems AB.                                         #
#                                                                             #
#    Output file  =  C:\Users\Lzs\Desktop\STM32Project-140923 - 12.21 -No     #
#                    print Final\EWARM\Debug\Exe\Project.out                  #
#    Map file     =  C:\Users\Lzs\Desktop\STM32Project-140923 - 12.21 -No     #
#                    print Final\EWARM\Debug\List\Project.map                 #
#    Command line =  "C:\Users\Lzs\Desktop\STM32Project-140923 - 12.21 -No    #
#                    print Final\EWARM\Debug\Obj\Do_Com.o"                    #
#                    "C:\Users\Lzs\Desktop\STM32Project-140923 - 12.21 -No    #
#                    print Final\EWARM\Debug\Obj\Do_DMA.o"                    #
#                    "C:\Users\Lzs\Desktop\STM32Project-140923 - 12.21 -No    #
#                    print Final\EWARM\Debug\Obj\Do_Fun.o"                    #
#                    "C:\Users\Lzs\Desktop\STM32Project-140923 - 12.21 -No    #
#                    print Final\EWARM\Debug\Obj\Do_GPIO.o"                   #
#                    "C:\Users\Lzs\Desktop\STM32Project-140923 - 12.21 -No    #
#                    print Final\EWARM\Debug\Obj\Do_Queue.o"                  #
#                    "C:\Users\Lzs\Desktop\STM32Project-140923 - 12.21 -No    #
#                    print Final\EWARM\Debug\Obj\Do_TIM.o"                    #
#                    "C:\Users\Lzs\Desktop\STM32Project-140923 - 12.21 -No    #
#                    print Final\EWARM\Debug\Obj\Do_USART.o"                  #
#                    "C:\Users\Lzs\Desktop\STM32Project-140923 - 12.21 -No    #
#                    print Final\EWARM\Debug\Obj\main.o"                      #
#                    "C:\Users\Lzs\Desktop\STM32Project-140923 - 12.21 -No    #
#                    print Final\EWARM\Debug\Obj\misc.o"                      #
#                    "C:\Users\Lzs\Desktop\STM32Project-140923 - 12.21 -No    #
#                    print Final\EWARM\Debug\Obj\startup_stm32f4xx.o"         #
#                    "C:\Users\Lzs\Desktop\STM32Project-140923 - 12.21 -No    #
#                    print Final\EWARM\Debug\Obj\stm32f4xx_dma.o"             #
#                    "C:\Users\Lzs\Desktop\STM32Project-140923 - 12.21 -No    #
#                    print Final\EWARM\Debug\Obj\stm32f4xx_exti.o"            #
#                    "C:\Users\Lzs\Desktop\STM32Project-140923 - 12.21 -No    #
#                    print Final\EWARM\Debug\Obj\stm32f4xx_gpio.o"            #
#                    "C:\Users\Lzs\Desktop\STM32Project-140923 - 12.21 -No    #
#                    print Final\EWARM\Debug\Obj\stm32f4xx_it.o"              #
#                    "C:\Users\Lzs\Desktop\STM32Project-140923 - 12.21 -No    #
#                    print Final\EWARM\Debug\Obj\stm32f4xx_rcc.o"             #
#                    "C:\Users\Lzs\Desktop\STM32Project-140923 - 12.21 -No    #
#                    print Final\EWARM\Debug\Obj\stm32f4xx_rtc.o"             #
#                    "C:\Users\Lzs\Desktop\STM32Project-140923 - 12.21 -No    #
#                    print Final\EWARM\Debug\Obj\stm32f4xx_syscfg.o"          #
#                    "C:\Users\Lzs\Desktop\STM32Project-140923 - 12.21 -No    #
#                    print Final\EWARM\Debug\Obj\stm32f4xx_tim.o"             #
#                    "C:\Users\Lzs\Desktop\STM32Project-140923 - 12.21 -No    #
#                    print Final\EWARM\Debug\Obj\stm32f4xx_usart.o"           #
#                    "C:\Users\Lzs\Desktop\STM32Project-140923 - 12.21 -No    #
#                    print Final\EWARM\Debug\Obj\system_stm32f4xx.o" -o       #
#                    "C:\Users\Lzs\Desktop\STM32Project-140923 - 12.21 -No    #
#                    print Final\EWARM\Debug\Exe\Project.out" --map           #
#                    "C:\Users\Lzs\Desktop\STM32Project-140923 - 12.21 -No    #
#                    print Final\EWARM\Debug\List\Project.map" --config       #
#                    "C:\Users\Lzs\Desktop\STM32Project-140923 - 12.21 -No    #
#                    print Final\EWARM\stm32f4xx_flash.icf" --semihosting     #
#                    --entry __iar_program_start --redirect                   #
#                    __iar_sh_stdout=__iar_sh_stdout_swo --vfe                #
#                                                                             #
#                                                                             #
###############################################################################

*******************************************************************************
*** RUNTIME MODEL ATTRIBUTES
***

CppFlavor       = *
__Heap_Handler  = Basic
__SystemLibrary = DLib


*******************************************************************************
*** PLACEMENT SUMMARY
***

"A1":  place at 0x08000000 { ro section .intvec };
"P1":  place in [from 0x08000000 to 0x080fffff] { ro };
"P2":  place in [from 0x20000000 to 0x20020000] { rw, block CSTACK, block HEAP };

  Section            Kind        Address    Size  Object
  -------            ----        -------    ----  ------
"A1":                                      0x188
  .intvec            ro code  0x08000000   0x188  startup_stm32f4xx.o [1]
                            - 0x08000188   0x188

"P1":                                     0x3fd8
  .text              ro code  0x08000188   0x858  Do_Fun.o [1]
  .text              ro code  0x080009e0   0x6ba  Do_Com.o [1]
  .text              ro code  0x0800109a    0x2e  copy_init3.o [5]
  .text              ro code  0x080010c8   0x204  Do_Queue.o [1]
  .text              ro code  0x080012cc   0x230  stm32f4xx_tim.o [1]
  .text              ro code  0x080014fc    0x4e  FltToDbl.o [4]
  .text              ro code  0x0800154a    0x22  zero_init3.o [5]
  .text              ro code  0x0800156c   0x1a2  DblMul.o [4]
  .text              ro code  0x08001710   0x246  DblDiv.o [4]
  .text              ro code  0x08001958    0xe8  DblAdd.o [4]
  .text              ro code  0x08001a40    0x90  DblToFlt.o [4]
  .text              ro code  0x08001ad0    0x1c  I32ToDbl.o [4]
  .text              ro code  0x08001aec   0x180  DblSub.o [4]
  .text              ro code  0x08001c6c   0x192  Do_TIM.o [1]
  .text              ro code  0x08001e00   0x11a  stm32f4xx_usart.o [1]
  .text              ro code  0x08001f1c     0x6  ABImemclr.o [5]
  .text              ro code  0x08001f24    0x4c  DblToI32.o [4]
  .text              ro code  0x08001f70    0xd0  stm32f4xx_rcc.o [1]
  .text              ro code  0x08002040    0x78  misc.o [1]
  .text              ro code  0x080020b8    0x5e  ABImemset.o [5]
  .text              ro code  0x08002118   0x5dc  stm32f4xx_it.o [1]
  .text              ro code  0x080026f4   0x23c  stm32f4xx_dma.o [1]
  .text              ro code  0x08002930   0x238  Do_DMA.o [1]
  .text              ro code  0x08002b68   0x214  main.o [1]
  .text              ro code  0x08002d7c    0xc0  Do_GPIO.o [1]
  .text              ro code  0x08002e3c   0x2e8  Do_USART.o [1]
  .text              ro code  0x08003124    0x24  printf.o [3]
  .text              ro code  0x08003148    0xa8  stm32f4xx_gpio.o [1]
  .text              ro code  0x080031f0   0x11a  xprintftiny.o [3]
  .text              ro code  0x0800330c    0x36  strlen.o [5]
  .text              ro code  0x08003344   0x1b4  xsyslock.o [3]
  .text              ro code  0x080034f8     0x8  xmtx2.o [3]
  .text              ro code  0x08003500     0x8  xmtx.o [3]
  .text              ro code  0x08003508   0x150  XShHandles.o [3]
  .text              ro code  0x08003658    0xf0  system_stm32f4xx.o [1]
  .text              ro code  0x08003748    0xd4  xfspos.o [3]
  .text              ro code  0x0800381c    0xb4  fflush.o [3]
  .text              ro code  0x080038d0     0xc  xfgpos.o [3]
  .text              ro code  0x080038dc    0x4c  lseek.o [6]
  .text              ro code  0x08003928     0xc  errno.o [3]
  .text              ro code  0x08003934    0x10  write.o [6]
  .text              ro code  0x08003944     0x2  xtls.o [3]
  .text              ro code  0x08003946    0x1e  dwrite.o [6]
  .text              ro code  0x08003964    0x54  iarwstdswo.o [6]
  .text              ro code  0x080039b8    0x22  iarwrite.o [6]
  .text              ro code  0x080039dc    0xbc  xxmemxmalloc.o [3]
  .text              ro code  0x08003a98    0x88  xxmemxfree.o [3]
  .text              ro code  0x08003b20    0x28  xgetmemchunk.o [3]
  .text              ro code  0x08003b48    0xb8  xfwprep.o [3]
  .text              ro code  0x08003c00    0x24  fseek.o [3]
  .text              ro code  0x08003c24    0x82  fclose.o [3]
  .text              ro code  0x08003ca8    0x80  xfofind.o [3]
  .text              ro code  0x08003d28    0x1a  close.o [6]
  .text              ro code  0x08003d42    0x16  remove.o [6]
  .text              ro code  0x08003d58    0x58  xcloseall.o [3]
  .text              ro code  0x08003db0    0x54  fputc.o [3]
  .text              ro code  0x08003e04    0x2c  data_init3.o [5]
  .iar.init_table    const    0x08003e30    0x24  - Linker created -
  .text              ro code  0x08003e54    0x1a  fpinit_M.o [4]
  .text              ro code  0x08003e70    0x16  cmain.o [5]
  .text              ro code  0x08003e86     0x4  low_level_init.o [3]
  .text              ro code  0x08003e8a     0x4  exit.o [3]
  .text              ro code  0x08003e90    0x12  cexit.o [5]
  .text              ro code  0x08003ea4    0x14  exit.o [6]
  .text              ro code  0x08003eb8    0x16  xprout.o [3]
  .text              ro code  0x08003ed0     0xc  putchar.o [3]
  .text              ro code  0x08003edc    0x10  startup_stm32f4xx.o [1]
  .text              ro code  0x08003eec     0xc  cstartup_M.o [5]
  .text              ro code  0x08003ef8     0x4  startup_stm32f4xx.o [1]
  .text              ro code  0x08003efc     0x4  startup_stm32f4xx.o [1]
  .text              ro code  0x08003f00     0x4  startup_stm32f4xx.o [1]
  .text              ro code  0x08003f04     0x4  startup_stm32f4xx.o [1]
  .text              ro code  0x08003f08     0x4  startup_stm32f4xx.o [1]
  .text              ro code  0x08003f0c     0x4  startup_stm32f4xx.o [1]
  .text              ro code  0x08003f10     0x4  startup_stm32f4xx.o [1]
  .text              ro code  0x08003f14     0x4  startup_stm32f4xx.o [1]
  .text              ro code  0x08003f18     0x4  startup_stm32f4xx.o [1]
  .text              ro code  0x08003f1c     0x4  startup_stm32f4xx.o [1]
  .text              ro code  0x08003f20     0x4  startup_stm32f4xx.o [1]
  .text              ro code  0x08003f24     0x4  startup_stm32f4xx.o [1]
  .text              ro code  0x08003f28     0x4  startup_stm32f4xx.o [1]
  .text              ro code  0x08003f2c     0x4  startup_stm32f4xx.o [1]
  .text              ro code  0x08003f30     0x4  startup_stm32f4xx.o [1]
  .text              ro code  0x08003f34     0x4  startup_stm32f4xx.o [1]
  .text              ro code  0x08003f38     0x4  startup_stm32f4xx.o [1]
  .text              ro code  0x08003f3c     0x4  startup_stm32f4xx.o [1]
  .text              ro code  0x08003f40     0x4  startup_stm32f4xx.o [1]
  .text              ro code  0x08003f44     0x4  startup_stm32f4xx.o [1]
  .text              ro code  0x08003f48     0x4  startup_stm32f4xx.o [1]
  .text              ro code  0x08003f4c     0x4  startup_stm32f4xx.o [1]
  .text              ro code  0x08003f50     0x4  startup_stm32f4xx.o [1]
  .text              ro code  0x08003f54     0x4  startup_stm32f4xx.o [1]
  .text              ro code  0x08003f58     0x4  startup_stm32f4xx.o [1]
  .text              ro code  0x08003f5c     0x4  startup_stm32f4xx.o [1]
  .text              ro code  0x08003f60     0x4  startup_stm32f4xx.o [1]
  .text              ro code  0x08003f64     0x4  startup_stm32f4xx.o [1]
  .text              ro code  0x08003f68     0x4  startup_stm32f4xx.o [1]
  .text              ro code  0x08003f6c     0x4  startup_stm32f4xx.o [1]
  .text              ro code  0x08003f70     0x4  startup_stm32f4xx.o [1]
  .text              ro code  0x08003f74     0x4  startup_stm32f4xx.o [1]
  .text              ro code  0x08003f78     0x4  startup_stm32f4xx.o [1]
  .text              ro code  0x08003f7c     0x4  startup_stm32f4xx.o [1]
  .text              ro code  0x08003f80     0x4  startup_stm32f4xx.o [1]
  .text              ro code  0x08003f84     0x4  startup_stm32f4xx.o [1]
  .text              ro code  0x08003f88     0x4  startup_stm32f4xx.o [1]
  .text              ro code  0x08003f8c     0x4  startup_stm32f4xx.o [1]
  .text              ro code  0x08003f90     0x4  startup_stm32f4xx.o [1]
  .text              ro code  0x08003f94     0x4  startup_stm32f4xx.o [1]
  .text              ro code  0x08003f98     0x4  startup_stm32f4xx.o [1]
  .text              ro code  0x08003f9c     0x4  startup_stm32f4xx.o [1]
  .text              ro code  0x08003fa0     0x4  startup_stm32f4xx.o [1]
  .text              ro code  0x08003fa4     0x4  startup_stm32f4xx.o [1]
  .text              ro code  0x08003fa8     0x4  startup_stm32f4xx.o [1]
  .text              ro code  0x08003fac     0x4  startup_stm32f4xx.o [1]
  .text              ro code  0x08003fb0     0x4  startup_stm32f4xx.o [1]
  .text              ro code  0x08003fb4     0x4  startup_stm32f4xx.o [1]
  .text              ro code  0x08003fb8     0x4  startup_stm32f4xx.o [1]
  .text              ro code  0x08003fbc     0x4  startup_stm32f4xx.o [1]
  .text              ro code  0x08003fc0     0x4  startup_stm32f4xx.o [1]
  .text              ro code  0x08003fc4     0x4  startup_stm32f4xx.o [1]
  .text              ro code  0x08003fc8     0x4  startup_stm32f4xx.o [1]
  .text              ro code  0x08003fcc     0x4  startup_stm32f4xx.o [1]
  .text              ro code  0x08003fd0     0x4  startup_stm32f4xx.o [1]
  .text              ro code  0x08003fd4     0x4  startup_stm32f4xx.o [1]
  .text              ro code  0x08003fd8     0x4  startup_stm32f4xx.o [1]
  .text              ro code  0x08003fdc     0x4  startup_stm32f4xx.o [1]
  .text              ro code  0x08003fe0     0x4  startup_stm32f4xx.o [1]
  .text              ro code  0x08003fe4     0x4  startup_stm32f4xx.o [1]
  .text              ro code  0x08003fe8     0x4  startup_stm32f4xx.o [1]
  .text              ro code  0x08003fec     0x4  startup_stm32f4xx.o [1]
  .text              ro code  0x08003ff0     0x4  startup_stm32f4xx.o [1]
  .text              ro code  0x08003ff4     0x4  startup_stm32f4xx.o [1]
  .text              ro code  0x08003ff8     0x4  startup_stm32f4xx.o [1]
  .text              ro code  0x08003ffc     0x4  startup_stm32f4xx.o [1]
  .text              ro code  0x08004000     0x4  startup_stm32f4xx.o [1]
  .text              ro code  0x08004004     0x4  startup_stm32f4xx.o [1]
  .text              ro code  0x08004008     0x4  startup_stm32f4xx.o [1]
  .text              ro code  0x0800400c     0x4  startup_stm32f4xx.o [1]
  .text              ro code  0x08004010     0x4  startup_stm32f4xx.o [1]
  .text              ro code  0x08004014     0x4  startup_stm32f4xx.o [1]
  .text              ro code  0x08004018     0x4  startup_stm32f4xx.o [1]
  .text              ro code  0x0800401c     0x4  startup_stm32f4xx.o [1]
  .text              ro code  0x08004020     0x4  startup_stm32f4xx.o [1]
  .text              ro code  0x08004024     0x4  startup_stm32f4xx.o [1]
  .text              ro code  0x08004028     0x4  startup_stm32f4xx.o [1]
  .text              ro code  0x0800402c     0x4  startup_stm32f4xx.o [1]
  .text              ro code  0x08004030     0x4  startup_stm32f4xx.o [1]
  .text              ro code  0x08004034     0x4  startup_stm32f4xx.o [1]
  .text              ro code  0x08004038     0x4  startup_stm32f4xx.o [1]
  .text              ro code  0x0800403c     0x4  startup_stm32f4xx.o [1]
  .text              ro code  0x08004040     0x4  startup_stm32f4xx.o [1]
  .text              ro code  0x08004044     0x4  startup_stm32f4xx.o [1]
  .text              ro code  0x08004048     0x4  startup_stm32f4xx.o [1]
  .text              ro code  0x0800404c     0x4  startup_stm32f4xx.o [1]
  .text              ro code  0x08004050     0x4  startup_stm32f4xx.o [1]
  .text              ro code  0x08004054     0x4  startup_stm32f4xx.o [1]
  .text              ro code  0x08004058     0x4  startup_stm32f4xx.o [1]
  .text              ro code  0x0800405c     0x4  startup_stm32f4xx.o [1]
  .text              ro code  0x08004060     0x4  startup_stm32f4xx.o [1]
  .text              ro code  0x08004064     0x0  cstart_closeall.o [5]
  .text              ro code  0x08004064     0x0  cstart_clearlocks.o [5]
  .rodata            const    0x08004064     0x0  bwt_init3c.o [5]
  Initializer bytes  ro data  0x08004064    0xfc  <for P2 s0>
                            - 0x08004160  0x3fd8

"P2", part 1 of 3:                          0xfc
  P2 s0                       0x20000000    0xfc  <Init block>
    .data            inited   0x20000000    0x40  xfiles.o [3]
    .data            inited   0x20000040    0x40  xfiles.o [3]
    .data            inited   0x20000080    0x40  xfiles.o [3]
    .data            inited   0x200000c0    0x20  xfiles.o [3]
    .data            inited   0x200000e0    0x10  stm32f4xx_rcc.o [1]
    .data            inited   0x200000f0     0x2  stm32f4xx_it.o [1]
    .data            inited   0x200000f2     0x2  stm32f4xx_it.o [1]
    .data            inited   0x200000f4     0x2  stm32f4xx_it.o [1]
    .data            inited   0x200000f6     0x2  stm32f4xx_it.o [1]
    .data            inited   0x200000f8     0x2  stm32f4xx_it.o [1]
    .data            inited   0x200000fa     0x2  stm32f4xx_it.o [1]
                            - 0x200000fc    0xfc

"P2", part 2 of 3:                         0xc14
  .bss               zero     0x200000fc   0x97c  Do_Queue.o [1]
  .bss               zero     0x20000a78    0x80  XShHandles.o [3]
  .bss               zero     0x20000af8    0x60  Do_DMA.o [1]
  .bss               zero     0x20000b58    0x50  xfiles.o [3]
  .bss               zero     0x20000ba8    0x50  xfiles.o [3]
  .bss               zero     0x20000bf8    0x38  xsyslock.o [3]
  .bss               zero     0x20000c30    0x24  main.o [1]
  .bss               zero     0x20000c54    0x20  Do_Com.o [1]
  .bss               zero     0x20000c74    0x1c  Do_Fun.o [1]
  .bss               zero     0x20000c90    0x10  Do_Com.o [1]
  .bss               zero     0x20000ca0    0x10  Do_Com.o [1]
  .bss               zero     0x20000cb0    0x10  Do_Com.o [1]
  .bss               zero     0x20000cc0    0x10  Do_Com.o [1]
  .bss               zero     0x20000cd0    0x10  Do_Com.o [1]
  .bss               zero     0x20000ce0     0x8  xxmemxmalloc.o [3]
  .bss               zero     0x20000ce8     0x4  main.o [1]
  .bss               zero     0x20000cec     0x4  main.o [1]
  .bss               zero     0x20000cf0     0x4  main.o [1]
  .bss               zero     0x20000cf4     0x4  xgetmemchunk.o [3]
  __DLIB_PERTHREAD   zero     0x20000cf8     0x4  errno.o [3]
  .bss               zero     0x20000cfc     0x1  Do_Queue.o [1]
  .bss               zero     0x20000cfd     0x1  Do_Queue.o [1]
  .bss               zero     0x20000cfe     0x1  Do_Queue.o [1]
  .bss               zero     0x20000cff     0x1  Do_Queue.o [1]
  .bss               zero     0x20000d00     0x1  Do_Queue.o [1]
  .bss               zero     0x20000d01     0x1  Do_Queue.o [1]
  .bss               zero     0x20000d02     0x1  stm32f4xx_it.o [1]
  .bss               zero     0x20000d03     0x1  stm32f4xx_it.o [1]
  .bss               zero     0x20000d04     0x1  stm32f4xx_it.o [1]
  .bss               zero     0x20000d05     0x1  stm32f4xx_it.o [1]
  .bss               zero     0x20000d06     0x1  stm32f4xx_it.o [1]
  .bss               zero     0x20000d07     0x1  stm32f4xx_it.o [1]
  .bss               zero     0x20000d08     0x1  stm32f4xx_it.o [1]
                            - 0x20000d09   0xc0d

"P2", part 3 of 3:                         0x600
  CSTACK                      0x20000d10   0x400  <Block>
    CSTACK           uninit   0x20000d10   0x400  <Block tail>
  HEAP                        0x20001110   0x200  <Block>
    HEAP             uninit   0x20001110   0x200  <Block tail>
                            - 0x20001310   0x600


*******************************************************************************
*** INIT TABLE
***

          Address     Size
          -------     ----
Zero (__iar_zero_init3)
    1 destination range, total size 0xc0d:
          0x200000fc  0xc0d

Copy (__iar_copy_init3)
    1 source range, total size 0xfc:
          0x08004064   0xfc
    1 destination range, total size 0xfc:
          0x20000000   0xfc



*******************************************************************************
*** MODULE SUMMARY
***

    Module               ro code  ro data  rw data
    ------               -------  -------  -------
C:\Users\Lzs\Desktop\STM32Project-140923 - 12.21 -No print Final\EWARM\Debug\Obj: [1]
    Do_Com.o               1 722               112
    Do_DMA.o                 568                96
    Do_Fun.o               2 136                28
    Do_GPIO.o                192
    Do_Queue.o               516             2 434
    Do_TIM.o                 402
    Do_USART.o               744
    main.o                   532                48
    misc.o                   120
    startup_stm32f4xx.o      772
    stm32f4xx_dma.o          572
    stm32f4xx_gpio.o         168
    stm32f4xx_it.o         1 500       12       19
    stm32f4xx_rcc.o          208       16       16
    stm32f4xx_tim.o          560
    stm32f4xx_usart.o        282
    system_stm32f4xx.o       240
    ----------------------------------------------
    Total:                11 234       28    2 753

command line: [2]
    ----------------------------------------------
    Total:

dl7M_tlf.a: [3]
    XShHandles.o             336               128
    errno.o                   12                 4
    exit.o                     4
    fclose.o                 130
    fflush.o                 180
    fputc.o                   84
    fseek.o                   36
    low_level_init.o           4
    printf.o                  36
    putchar.o                 12
    xcloseall.o               88
    xfgpos.o                  12
    xfiles.o                          224      384
    xfofind.o                128
    xfspos.o                 212
    xfwprep.o                184
    xgetmemchunk.o            40                 4
    xmtx.o                     8
    xmtx2.o                    8
    xprintftiny.o            282
    xprout.o                  22
    xsyslock.o               436                56
    xtls.o                     2
    xxmemxfree.o             136
    xxmemxmalloc.o           188                 8
    ----------------------------------------------
    Total:                 2 580      224      584

m7M_tlv.a: [4]
    DblAdd.o                 232
    DblDiv.o                 582
    DblMul.o                 418
    DblSub.o                 384
    DblToFlt.o               144
    DblToI32.o                76
    FltToDbl.o                78
    I32ToDbl.o                28
    fpinit_M.o                26
    ----------------------------------------------
    Total:                 1 968

rt7M_tl.a: [5]
    ABImemclr.o                6
    ABImemset.o               94
    bwt_init3c.o
    cexit.o                   18
    cmain.o                   22
    copy_init3.o              46
    cstart_clearlocks.o
    cstart_closeall.o
    cstartup_M.o              12
    data_init3.o              44
    strlen.o                  54
    zero_init3.o              34
    ----------------------------------------------
    Total:                   330

shb_l.a: [6]
    close.o                   26
    dwrite.o                  30
    exit.o                    20
    iarwrite.o                34
    iarwstdswo.o              84
    lseek.o                   76
    remove.o                  22
    write.o                   16
    ----------------------------------------------
    Total:                   308

    Gaps                      28
    Linker created                     36    1 536
--------------------------------------------------
    Grand Total:          16 448      288    4 873


*******************************************************************************
*** ENTRY LIST
***

Entry                      Address   Size  Type      Object
-----                      -------   ----  ----      ------
?main                   0x08003e71         Code  Gb  cmain.o [5]
ADC_IRQHandler          0x08003f65         Code  Wk  startup_stm32f4xx.o [1]
APBAHBPrescTable        0x200000e0   0x10  Data  Lc  stm32f4xx_rcc.o [1]
Ask_U2to6               0x08000e7f   0x46  Code  Gb  Do_Com.o [1]
BusFault_Handler        0x080026e7    0x2  Code  Gb  stm32f4xx_it.o [1]
CAN1_RX0_IRQHandler     0x08003f6d         Code  Wk  startup_stm32f4xx.o [1]
CAN1_RX1_IRQHandler     0x08003f71         Code  Wk  startup_stm32f4xx.o [1]
CAN1_SCE_IRQHandler     0x08003f75         Code  Wk  startup_stm32f4xx.o [1]
CAN1_TX_IRQHandler      0x08003f69         Code  Wk  startup_stm32f4xx.o [1]
CAN2_RX0_IRQHandler     0x0800401d         Code  Wk  startup_stm32f4xx.o [1]
CAN2_RX1_IRQHandler     0x08004021         Code  Wk  startup_stm32f4xx.o [1]
CAN2_SCE_IRQHandler     0x08004025         Code  Wk  startup_stm32f4xx.o [1]
CAN2_TX_IRQHandler      0x08004019         Code  Wk  startup_stm32f4xx.o [1]
CRYP_IRQHandler         0x08004059         Code  Wk  startup_stm32f4xx.o [1]
CSTACK$$Base            0x20000d10          --   Gb  - Linker created -
CSTACK$$Limit           0x20001110          --   Gb  - Linker created -
Cal_Check_Sum           0x08000c6d   0x2c  Code  Gb  Do_Com.o [1]
Change_Hue              0x080004c9  0x382  Code  Gb  Do_Fun.o [1]
Chg_Fun                 0x20000c7b    0x1  Data  Lc  Do_Fun.o [1]
Clr_Buf_Data            0x08000d31    0x6  Code  Gb  Do_Com.o [1]
Cmp_Buf_Data            0x08000cc3   0x2e  Code  Gb  Do_Com.o [1]
Cpy_Buf_Data            0x08000cf1   0x40  Code  Gb  Do_Com.o [1]
Creat_Ask_Data          0x08000e0f   0x58  Code  Gb  Do_Com.o [1]
Creat_Fun_Data          0x08000d69   0x78  Code  Gb  Do_Com.o [1]
Creat_Rtn_Data          0x08000de1   0x2e  Code  Gb  Do_Com.o [1]
DCMI_IRQHandler         0x08004055         Code  Wk  startup_stm32f4xx.o [1]
DMA1_Stream0_IRQHandler
                        0x08003f49         Code  Wk  startup_stm32f4xx.o [1]
DMA1_Stream1_IRQHandler
                        0x08003f4d         Code  Wk  startup_stm32f4xx.o [1]
DMA1_Stream2_IRQHandler
                        0x08003f51         Code  Wk  startup_stm32f4xx.o [1]
DMA1_Stream3_IRQHandler
                        0x0800251d   0x4c  Code  Gb  stm32f4xx_it.o [1]
DMA1_Stream4_IRQHandler
                        0x08002569   0x4c  Code  Gb  stm32f4xx_it.o [1]
DMA1_Stream5_IRQHandler
                        0x08003f5d         Code  Wk  startup_stm32f4xx.o [1]
DMA1_Stream6_IRQHandler
                        0x080024d1   0x4c  Code  Gb  stm32f4xx_it.o [1]
DMA1_Stream7_IRQHandler
                        0x080025b5   0x4c  Code  Gb  stm32f4xx_it.o [1]
DMA2_Stream0_IRQHandler
                        0x08003ffd         Code  Wk  startup_stm32f4xx.o [1]
DMA2_Stream1_IRQHandler
                        0x08004001         Code  Wk  startup_stm32f4xx.o [1]
DMA2_Stream2_IRQHandler
                        0x08004005         Code  Wk  startup_stm32f4xx.o [1]
DMA2_Stream3_IRQHandler
                        0x08004009         Code  Wk  startup_stm32f4xx.o [1]
DMA2_Stream4_IRQHandler
                        0x0800400d         Code  Wk  startup_stm32f4xx.o [1]
DMA2_Stream5_IRQHandler
                        0x0800402d         Code  Wk  startup_stm32f4xx.o [1]
DMA2_Stream6_IRQHandler
                        0x08002601   0x4c  Code  Gb  stm32f4xx_it.o [1]
DMA2_Stream7_IRQHandler
                        0x0800247f   0x52  Code  Gb  stm32f4xx_it.o [1]
DMA_All_Config          0x08002931   0x28  Code  Gb  Do_DMA.o [1]
DMA_ClearITPendingBit   0x080028ab   0x1a  Code  Gb  stm32f4xx_dma.o [1]
DMA_Cmd                 0x0800282b   0x12  Code  Gb  stm32f4xx_dma.o [1]
DMA_Config              0x08002a03  0x12e  Code  Gb  Do_DMA.o [1]
DMA_DeInit              0x080026f5   0xe4  Code  Gb  stm32f4xx_dma.o [1]
DMA_GetITStatus         0x08002869   0x42  Code  Gb  stm32f4xx_dma.o [1]
DMA_ITConfig            0x0800283d   0x2c  Code  Gb  stm32f4xx_dma.o [1]
DMA_Init                0x080027d9   0x52  Code  Gb  stm32f4xx_dma.o [1]
DMA_Reset               0x08002991   0x72  Code  Gb  Do_DMA.o [1]
DebugMon_Handler        0x080026ed    0x2  Code  Gb  stm32f4xx_it.o [1]
Delay_Cnt               0x20000c74    0x1  Data  Lc  Do_Fun.o [1]
Delayms                 0x08002ccd   0x1e  Code  Gb  main.o [1]
ETH_IRQHandler          0x08004011         Code  Wk  startup_stm32f4xx.o [1]
ETH_WKUP_IRQHandler     0x08004015         Code  Wk  startup_stm32f4xx.o [1]
EXTI0_IRQHandler        0x08003f35         Code  Wk  startup_stm32f4xx.o [1]
EXTI15_10_IRQHandler    0x08003fbd         Code  Wk  startup_stm32f4xx.o [1]
EXTI1_IRQHandler        0x08003f39         Code  Wk  startup_stm32f4xx.o [1]
EXTI2_IRQHandler        0x08003f3d         Code  Wk  startup_stm32f4xx.o [1]
EXTI3_IRQHandler        0x08003f41         Code  Wk  startup_stm32f4xx.o [1]
EXTI4_IRQHandler        0x08003f45         Code  Wk  startup_stm32f4xx.o [1]
EXTI9_5_IRQHandler      0x08003f79         Code  Wk  startup_stm32f4xx.o [1]
Enable_U2to6_DMA_Snd    0x08002959   0x38  Code  Gb  Do_DMA.o [1]
ExeCtn_Status           0x20000c40    0x1  Data  Gb  main.o [1]
Exe_Tmp_Buf             0x20000c80   0x10  Data  Lc  Do_Fun.o [1]
Executing_Continually_Fun
                        0x08000291   0x20  Code  Gb  Do_Fun.o [1]
Executing_Fun           0x08000189  0x106  Code  Gb  Do_Fun.o [1]
Exeing_Buf              0x20000c44   0x10  Data  Gb  main.o [1]
FLASH_IRQHandler        0x08003f2d         Code  Wk  startup_stm32f4xx.o [1]
FPU_IRQHandler          0x08004061         Code  Wk  startup_stm32f4xx.o [1]
FSMC_IRQHandler         0x08003fdd         Code  Wk  startup_stm32f4xx.o [1]
Flicking_Fun            0x080003e1   0xdc  Code  Gb  Do_Fun.o [1]
Flk_B                   0x20000c78    0x1  Data  Lc  Do_Fun.o [1]
Flk_G                   0x20000c77    0x1  Data  Lc  Do_Fun.o [1]
Flk_L                   0x20000c79    0x1  Data  Lc  Do_Fun.o [1]
Flk_R                   0x20000c76    0x1  Data  Lc  Do_Fun.o [1]
Flk_Status              0x20000c75    0x1  Data  Lc  Do_Fun.o [1]
Flk_T                   0x20000c7a    0x1  Data  Lc  Do_Fun.o [1]
GPIO_Config             0x08002d7d   0xc0  Code  Gb  Do_GPIO.o [1]
GPIO_Init               0x08003149   0x80  Code  Gb  stm32f4xx_gpio.o [1]
GPIO_PinAFConfig        0x080031c9   0x28  Code  Gb  stm32f4xx_gpio.o [1]
Get_My_ID_and_Layer     0x08000c99   0x2a  Code  Gb  Do_Com.o [1]
HASH_RNG_IRQHandler     0x0800405d         Code  Wk  startup_stm32f4xx.o [1]
HEAP$$Base              0x20001110          --   Gb  - Linker created -
HEAP$$Limit             0x20001310          --   Gb  - Linker created -
HardFault_Handler       0x080026e3    0x2  Code  Gb  stm32f4xx_it.o [1]
Head_Exe                0x20000cfc    0x1  Data  Gb  Do_Queue.o [1]
Head_Rtn                0x20000d00    0x1  Data  Gb  Do_Queue.o [1]
Head_Snd                0x20000cfe    0x1  Data  Gb  Do_Queue.o [1]
Hue2Rgb                 0x08000859   0xf6  Code  Gb  Do_Fun.o [1]
I2C1_ER_IRQHandler      0x08003f9d         Code  Wk  startup_stm32f4xx.o [1]
I2C1_EV_IRQHandler      0x08003f99         Code  Wk  startup_stm32f4xx.o [1]
I2C2_ER_IRQHandler      0x08003fa5         Code  Wk  startup_stm32f4xx.o [1]
I2C2_EV_IRQHandler      0x08003fa1         Code  Wk  startup_stm32f4xx.o [1]
I2C3_ER_IRQHandler      0x08004041         Code  Wk  startup_stm32f4xx.o [1]
I2C3_EV_IRQHandler      0x0800403d         Code  Wk  startup_stm32f4xx.o [1]
Insert_Queue            0x080010d5   0xf8  Code  Gb  Do_Queue.o [1]
Is_Queue_Empty          0x080010c9    0xc  Code  Gb  Do_Queue.o [1]
MemManage_Handler       0x080026e5    0x2  Code  Gb  stm32f4xx_it.o [1]
MyLayer                 0x20000c41    0x1  Data  Gb  main.o [1]
MyOwnID                 0x20000cec    0x4  Data  Gb  main.o [1]
NMI_Handler             0x080026e1    0x2  Code  Gb  stm32f4xx_it.o [1]
NVIC_Init               0x0800204b   0x5a  Code  Gb  misc.o [1]
NVIC_PriorityGroupConfig
                        0x08002041    0xa  Code  Gb  misc.o [1]
OTG_FS_IRQHandler       0x08004029         Code  Wk  startup_stm32f4xx.o [1]
OTG_FS_WKUP_IRQHandler  0x08003fc5         Code  Wk  startup_stm32f4xx.o [1]
OTG_HS_EP1_IN_IRQHandler
                        0x08004049         Code  Wk  startup_stm32f4xx.o [1]
OTG_HS_EP1_OUT_IRQHandler
                        0x08004045         Code  Wk  startup_stm32f4xx.o [1]
OTG_HS_IRQHandler       0x08004051         Code  Wk  startup_stm32f4xx.o [1]
OTG_HS_WKUP_IRQHandler  0x0800404d         Code  Wk  startup_stm32f4xx.o [1]
PVD_IRQHandler          0x08003f21         Code  Wk  startup_stm32f4xx.o [1]
PWM_RGBOutput           0x08001c6d   0x72  Code  Gb  Do_TIM.o [1]
PendSV_Handler          0x080026ef    0x2  Code  Gb  stm32f4xx_it.o [1]
Push_Queue              0x080011cd   0xfc  Code  Gb  Do_Queue.o [1]
Que_Exe                 0x200000fc  0x260  Data  Gb  Do_Queue.o [1]
Que_Rtn                 0x20000818  0x260  Data  Gb  Do_Queue.o [1]
Que_Snd                 0x2000035c  0x4bc  Data  Gb  Do_Queue.o [1]
RCC_AHB1PeriphClockCmd  0x08001fef   0x12  Code  Gb  stm32f4xx_rcc.o [1]
RCC_APB1PeriphClockCmd  0x08002001   0x12  Code  Gb  stm32f4xx_rcc.o [1]
RCC_APB2PeriphClockCmd  0x08002013   0x12  Code  Gb  stm32f4xx_rcc.o [1]
RCC_GetClocksFreq       0x08001f71   0x7e  Code  Gb  stm32f4xx_rcc.o [1]
RCC_IRQHandler          0x08003f31         Code  Wk  startup_stm32f4xx.o [1]
RTC_Alarm_IRQHandler    0x08003fc1         Code  Wk  startup_stm32f4xx.o [1]
RTC_WKUP_IRQHandler     0x08003f29         Code  Wk  startup_stm32f4xx.o [1]
Rear_Exe                0x20000cfd    0x1  Data  Gb  Do_Queue.o [1]
Rear_Rtn                0x20000d01    0x1  Data  Gb  Do_Queue.o [1]
Rear_Snd                0x20000cff    0x1  Data  Gb  Do_Queue.o [1]
Region$$Table$$Base     0x08003e30          --   Gb  - Linker created -
Region$$Table$$Limit    0x08003e54          --   Gb  - Linker created -
Reset_Handler           0x08003edd         Code  Wk  startup_stm32f4xx.o [1]
Reset_U2to6_Finish      0x08000e67   0x18  Code  Gb  Do_Com.o [1]
Restore_Hue             0x08000969    0xc  Code  Gb  Do_Fun.o [1]
Rtn_ID_Buf              0x20000c64   0x10  Data  Gb  Do_Com.o [1]
Rtn_Rev_Buf             0x08001071   0x2a  Code  Gb  Do_Com.o [1]
SDIO_IRQHandler         0x08003fe1         Code  Wk  startup_stm32f4xx.o [1]
SPI1_IRQHandler         0x08003fa9         Code  Wk  startup_stm32f4xx.o [1]
SPI2_IRQHandler         0x08003fad         Code  Wk  startup_stm32f4xx.o [1]
SPI3_IRQHandler         0x08003fe9         Code  Wk  startup_stm32f4xx.o [1]
SVC_Handler             0x080026eb    0x2  Code  Gb  stm32f4xx_it.o [1]
Sav_Hue                 0x20000cf0    0x4  Data  Gb  main.o [1]
Save_Hue                0x0800094f   0x14  Code  Gb  Do_Fun.o [1]
Send_toPort             0x08000f23   0xa4  Code  Gb  Do_Com.o [1]
Send_toU2to6_Port       0x08000ec5   0x2e  Code  Gb  Do_Com.o [1]
Send_toWhich_Port       0x08000ef3   0x30  Code  Gb  Do_Com.o [1]
Snding_Buf              0x20000c30   0x10  Data  Gb  main.o [1]
SysTick_Handler         0x080026f1    0x4  Code  Gb  stm32f4xx_it.o [1]
SysTick_Init            0x08002caf   0x1e  Code  Gb  main.o [1]
SystemInit              0x08003659   0xce  Code  Gb  system_stm32f4xx.o [1]
TAMP_STAMP_IRQHandler   0x08003f25         Code  Wk  startup_stm32f4xx.o [1]
TIM1_BRK_TIM9_IRQHandler
                        0x08003f7d         Code  Wk  startup_stm32f4xx.o [1]
TIM1_CC_IRQHandler      0x08003f89         Code  Wk  startup_stm32f4xx.o [1]
TIM1_TRG_COM_TIM11_IRQHandler
                        0x08003f85         Code  Wk  startup_stm32f4xx.o [1]
TIM1_UP_TIM10_IRQHandler
                        0x08003f81         Code  Wk  startup_stm32f4xx.o [1]
TIM2_IRQHandler         0x08002119   0x30  Code  Gb  stm32f4xx_it.o [1]
TIM3_IRQHandler         0x08003f91         Code  Wk  startup_stm32f4xx.o [1]
TIM4_IRQHandler         0x08003f95         Code  Wk  startup_stm32f4xx.o [1]
TIM5_IRQHandler         0x08003fe5         Code  Wk  startup_stm32f4xx.o [1]
TIM6_DAC_IRQHandler     0x08003ff5         Code  Wk  startup_stm32f4xx.o [1]
TIM7_IRQHandler         0x08003ff9         Code  Wk  startup_stm32f4xx.o [1]
TIM8_BRK_TIM12_IRQHandler
                        0x08003fc9         Code  Wk  startup_stm32f4xx.o [1]
TIM8_CC_IRQHandler      0x08003fd5         Code  Wk  startup_stm32f4xx.o [1]
TIM8_TRG_COM_TIM14_IRQHandler
                        0x08003fd1         Code  Wk  startup_stm32f4xx.o [1]
TIM8_UP_TIM13_IRQHandler
                        0x08003fcd         Code  Wk  startup_stm32f4xx.o [1]
TIM_ARRPreloadConfig    0x08001333   0x14  Code  Gb  stm32f4xx_tim.o [1]
TIM_ClearFlag           0x080014f5    0x2  Code  Gb  stm32f4xx_tim.o [1]
TIM_Cmd                 0x08001347   0x14  Code  Gb  stm32f4xx_tim.o [1]
TIM_ITConfig            0x080014e5   0x10  Code  Gb  stm32f4xx_tim.o [1]
TIM_OC1Init             0x0800135b   0x66  Code  Gb  stm32f4xx_tim.o [1]
TIM_OC1PreloadConfig    0x080014b9    0x6  Code  Gb  stm32f4xx_tim.o [1]
TIM_OC2Init             0x080013c1   0x6c  Code  Gb  stm32f4xx_tim.o [1]
TIM_OC2PreloadConfig    0x080014c7    0x6  Code  Gb  stm32f4xx_tim.o [1]
TIM_OC3Init             0x0800142d   0x68  Code  Gb  stm32f4xx_tim.o [1]
TIM_OC3PreloadConfig    0x080014d7    0x6  Code  Gb  stm32f4xx_tim.o [1]
TIM_PWM_Config          0x08001cdf   0x92  Code  Gb  Do_TIM.o [1]
TIM_TimeBaseInit        0x080012cd   0x66  Code  Gb  stm32f4xx_tim.o [1]
TIM_Timer_Config        0x08001d89   0x76  Code  Gb  Do_TIM.o [1]
Timer_Status            0x20000d08    0x1  Data  Gb  stm32f4xx_it.o [1]
TimingDelay             0x20000ce8    0x4  Data  Lc  main.o [1]
TimingDelay_Decrement   0x08002ceb    0xe  Code  Gb  main.o [1]
U1_Rev_Buf              0x20000c54   0x10  Data  Gb  Do_Com.o [1]
U1_Rev_Hnd              0x080009e1  0x10e  Code  Gb  Do_Com.o [1]
U1_Snd_Buf              0x20000af8   0x10  Data  Gb  Do_DMA.o [1]
U1_Snd_Cnt              0x200000f1    0x1  Data  Gb  stm32f4xx_it.o [1]
U1_Snd_Fin              0x200000f0    0x1  Data  Gb  stm32f4xx_it.o [1]
U1_i                    0x20000d02    0x1  Data  Gb  stm32f4xx_it.o [1]
U2_Rev_Buf              0x20000c90   0x10  Data  Gb  Do_Com.o [1]
U2_Rev_Hnd              0x08000aef   0x3e  Code  Gb  Do_Com.o [1]
U2_Snd_Buf              0x20000b08   0x10  Data  Gb  Do_DMA.o [1]
U2_Snd_Cnt              0x200000f3    0x1  Data  Gb  stm32f4xx_it.o [1]
U2_Snd_Fin              0x200000f2    0x1  Data  Gb  stm32f4xx_it.o [1]
U2_i                    0x20000d03    0x1  Data  Gb  stm32f4xx_it.o [1]
U3_Rev_Buf              0x20000ca0   0x10  Data  Gb  Do_Com.o [1]
U3_Rev_Hnd              0x08000b2d   0x3e  Code  Gb  Do_Com.o [1]
U3_Snd_Buf              0x20000b18   0x10  Data  Gb  Do_DMA.o [1]
U3_Snd_Cnt              0x200000f5    0x1  Data  Gb  stm32f4xx_it.o [1]
U3_Snd_Fin              0x200000f4    0x1  Data  Gb  stm32f4xx_it.o [1]
U3_i                    0x20000d04    0x1  Data  Gb  stm32f4xx_it.o [1]
U4_Rev_Buf              0x20000cb0   0x10  Data  Gb  Do_Com.o [1]
U4_Rev_Hnd              0x08000bb3   0x3e  Code  Gb  Do_Com.o [1]
U4_Snd_Buf              0x20000b28   0x10  Data  Gb  Do_DMA.o [1]
U4_Snd_Cnt              0x200000f7    0x1  Data  Gb  stm32f4xx_it.o [1]
U4_Snd_Fin              0x200000f6    0x1  Data  Gb  stm32f4xx_it.o [1]
U4_i                    0x20000d05    0x1  Data  Gb  stm32f4xx_it.o [1]
U5_Rev_Buf              0x20000cc0   0x10  Data  Gb  Do_Com.o [1]
U5_Rev_Hnd              0x08000bf1   0x3e  Code  Gb  Do_Com.o [1]
U5_Snd_Buf              0x20000b38   0x10  Data  Gb  Do_DMA.o [1]
U5_Snd_Cnt              0x200000f9    0x1  Data  Gb  stm32f4xx_it.o [1]
U5_Snd_Fin              0x200000f8    0x1  Data  Gb  stm32f4xx_it.o [1]
U5_i                    0x20000d06    0x1  Data  Gb  stm32f4xx_it.o [1]
U6_Rev_Buf              0x20000cd0   0x10  Data  Gb  Do_Com.o [1]
U6_Rev_Hnd              0x08000c2f   0x3e  Code  Gb  Do_Com.o [1]
U6_Snd_Buf              0x20000b48   0x10  Data  Gb  Do_DMA.o [1]
U6_Snd_Cnt              0x200000fb    0x1  Data  Gb  stm32f4xx_it.o [1]
U6_Snd_Fin              0x200000fa    0x1  Data  Gb  stm32f4xx_it.o [1]
U6_i                    0x20000d07    0x1  Data  Gb  stm32f4xx_it.o [1]
UART4_IRQHandler        0x080022fb   0x84  Code  Gb  stm32f4xx_it.o [1]
UART5_IRQHandler        0x0800237f   0x80  Code  Gb  stm32f4xx_it.o [1]
USART1_IRQHandler       0x08002149   0x9a  Code  Gb  stm32f4xx_it.o [1]
USART2_IRQHandler       0x080021e3   0x8c  Code  Gb  stm32f4xx_it.o [1]
USART3_IRQHandler       0x0800226f   0x8c  Code  Gb  stm32f4xx_it.o [1]
USART6_IRQHandler       0x080023ff   0x80  Code  Gb  stm32f4xx_it.o [1]
USART_All_Config        0x08002ec5   0x26  Code  Gb  Do_USART.o [1]
USART_All_Rev_IRQ_OFF   0x08002e3d   0x42  Code  Gb  Do_USART.o [1]
USART_All_Rev_IRQ_ON    0x08002e7f   0x40  Code  Gb  Do_USART.o [1]
USART_ClearITPendingBit
                        0x08001f0b    0xa  Code  Gb  stm32f4xx_usart.o [1]
USART_Cmd               0x08001ea1   0x14  Code  Gb  stm32f4xx_usart.o [1]
USART_Config            0x08002eeb  0x212  Code  Gb  Do_USART.o [1]
USART_DMACmd            0x08001ebd   0x10  Code  Gb  stm32f4xx_usart.o [1]
USART_GetFlagStatus     0x08001efd    0xe  Code  Gb  stm32f4xx_usart.o [1]
USART_ITConfig          0x08001ecd   0x30  Code  Gb  stm32f4xx_usart.o [1]
USART_Init              0x08001e01   0x98  Code  Gb  stm32f4xx_usart.o [1]
USART_ReceiveData       0x08001eb5    0x8  Code  Gb  stm32f4xx_usart.o [1]
Ufd_L                   0x20000c7e    0x1  Data  Lc  Do_Fun.o [1]
Ufd_Sav_L               0x20000c7d    0x1  Data  Lc  Do_Fun.o [1]
Ufd_Status              0x20000c7c    0x1  Data  Lc  Do_Fun.o [1]
Ufd_T                   0x20000c7f    0x1  Data  Lc  Do_Fun.o [1]
Unfolding_Fun           0x080002b1  0x12e  Code  Gb  Do_Fun.o [1]
UsageFault_Handler      0x080026e9    0x2  Code  Gb  stm32f4xx_it.o [1]
WWDG_IRQHandler         0x08003f1d         Code  Wk  startup_stm32f4xx.o [1]
Whose_ID                0x08000d37   0x32  Code  Gb  Do_Com.o [1]
_Close_all              0x08003d59   0x58  Code  Gb  xcloseall.o [3]
_Files                  0x200000c0   0x20  Data  Gb  xfiles.o [3]
_Fofree                 0x08003ca9   0x7a  Code  Gb  xfofind.o [3]
_Fspos                  0x08003749   0xd4  Code  Gb  xfspos.o [3]
_Fwprep                 0x08003b49   0xb2  Code  Gb  xfwprep.o [3]
_Nnl                    0x080038d1    0xc  Code  Gb  xfgpos.o [3]
_PrintfTiny             0x080031f1  0x11a  Code  Gb  xprintftiny.o [3]
_Prout                  0x08003eb9   0x16  Code  Gb  xprout.o [3]
__aeabi_d2f             0x08001a41         Code  Gb  DblToFlt.o [4]
__aeabi_d2iz            0x08001f25         Code  Gb  DblToI32.o [4]
__aeabi_dadd            0x08001959         Code  Gb  DblAdd.o [4]
__aeabi_ddiv            0x08001711         Code  Gb  DblDiv.o [4]
__aeabi_dmul            0x0800156d         Code  Gb  DblMul.o [4]
__aeabi_dsub            0x08001aed         Code  Gb  DblSub.o [4]
__aeabi_errno_addr      0x08003929    0x6  Code  Gb  errno.o [3]
__aeabi_f2d             0x080014fd         Code  Gb  FltToDbl.o [4]
__aeabi_memclr          0x08001f1d         Code  Gb  ABImemclr.o [5]
__aeabi_ui2d            0x08001ad1         Code  Gb  I32ToDbl.o [4]
__cexit_clearlocks      0x08003e97         Code  Gb  cexit.o [5]
__cexit_closeall        0x08003e93         Code  Gb  cexit.o [5]
__close                 0x08003d29   0x1a  Code  Gb  close.o [6]
__cmain                 0x08003e71         Code  Gb  cmain.o [5]
__cstart_clearlocks     0x08004064         Data  Gb  cstart_clearlocks.o [5]
__cstart_closeall       0x08004064         Data  Gb  cstart_closeall.o [5]
__data_Aldata           0x20000ce0    0x8  Data  Gb  xxmemxmalloc.o [3]
__data_GetMemChunk      0x08003b21   0x28  Code  Gb  xgetmemchunk.o [3]
__dwrite                0x08003947   0x1e  Code  Gb  dwrite.o [6]
__exit                  0x08003ea5   0x14  Code  Gb  exit.o [6]
__iar_Errno             0x20000cf8    0x4  Data  Gb  errno.o [3]
__iar_Lockfilelock      0x080033b9   0x8c  Code  Gb  xsyslock.o [3]
__iar_Locksyslock       0x0800345b   0x88  Code  Gb  xsyslock.o [3]
__iar_Memset_word       0x080020b9         Code  Gb  ABImemset.o [5]
__iar_SB                0x08004064         Data  Gb  bwt_init3c.o [5]
__iar_Stderr            0x20000080   0x40  Data  Gb  xfiles.o [3]
__iar_Stdin             0x20000000   0x40  Data  Gb  xfiles.o [3]
__iar_Stdout            0x20000040   0x40  Data  Gb  xfiles.o [3]
__iar_Unlockfilelock    0x08003445   0x16  Code  Gb  xsyslock.o [3]
__iar_Unlocksyslock     0x080034e3   0x12  Code  Gb  xsyslock.o [3]
__iar_clearlocks        0x08003345   0x74  Code  Gb  xsyslock.o [3]
__iar_copy_init3        0x0800109b   0x2e  Code  Gb  copy_init3.o [5]
__iar_d2uiz             0x08001f51         Code  Gb  DblToI32.o [4]
__iar_dadd              0x0800196d         Code  Gb  DblAdd.o [4]
__iar_data_init3        0x08003e05   0x2c  Code  Gb  data_init3.o [5]
__iar_default_requirements$$_Printf<unknown>printf {Abs}
                        0x00000000          --   Gb  printf.o [3]
__iar_dlib_perthread_access
                        0x08003945    0x2  Code  Gb  xtls.o [3]
__iar_dsub              0x08001b01         Code  Gb  DblSub.o [4]
__iar_dsubStart         0x08001b13         Code  Gb  DblSub.o [4]
__iar_file_Mtxdst       0x080034fb    0x2  Code  Gb  xmtx2.o [3]
__iar_file_Mtxinit      0x080034f9    0x2  Code  Gb  xmtx2.o [3]
__iar_file_Mtxlock      0x080034fd    0x2  Code  Gb  xmtx2.o [3]
__iar_file_Mtxunlock    0x080034ff    0x2  Code  Gb  xmtx2.o [3]
__iar_init_vfp          0x08003e55         Code  Gb  fpinit_M.o [4]
__iar_program_start     0x08003eed         Code  Gb  cstartup_M.o [5]
__iar_provide$$_Printf<int_specials>_PrintfTiny {Abs}
                        0x00000000          --   Gb  xprintftiny.o [3]
__iar_sh_Discard        0x08003509   0x6e  Code  Gb  XShHandles.o [3]
__iar_sh_Move           0x08003577   0x72  Code  Gb  XShHandles.o [3]
__iar_sh_Pos            0x080035e9   0x6a  Code  Gb  XShHandles.o [3]
__iar_sh_stdout_swo     0x08003965   0x54  Code  Gb  iarwstdswo.o [6]
__iar_sh_write          0x080039b9   0x22  Code  Gb  iarwrite.o [6]
__iar_system_Mtxdst     0x08003503    0x2  Code  Gb  xmtx.o [3]
__iar_system_Mtxinit    0x08003501    0x2  Code  Gb  xmtx.o [3]
__iar_system_Mtxlock    0x08003505    0x2  Code  Gb  xmtx.o [3]
__iar_system_Mtxunlock  0x08003507    0x2  Code  Gb  xmtx.o [3]
__iar_ui2d              0x08001ad5         Code  Gb  I32ToDbl.o [4]
__iar_zero_init3        0x0800154b   0x22  Code  Gb  zero_init3.o [5]
__low_level_init        0x08003e87    0x4  Code  Gb  low_level_init.o [3]
__lseek                 0x080038dd   0x4c  Code  Gb  lseek.o [6]
__vector_table          0x08000000         Data  Gb  startup_stm32f4xx.o [1]
__write                 0x08003935   0x10  Code  Gb  write.o [6]
_call_main              0x08003e7d         Code  Gb  cmain.o [5]
_exit                   0x08003e91         Code  Gb  cexit.o [5]
_main                   0x08003e83         Code  Gb  cmain.o [5]
ebuf                    0x20000b58   0x50  Data  Lc  xfiles.o [3]
exit                    0x08003e8b    0x4  Code  Gb  exit.o [3]
fclose                  0x08003c25   0x82  Code  Gb  fclose.o [3]
fflush                  0x08003895   0x38  Code  Gb  fflush.o [3]
fflushOne               0x0800381d   0x78  Code  Lc  fflush.o [3]
file_mtx                0x20000bfc   0x20  Data  Lc  xsyslock.o [3]
fputc                   0x08003db1   0x54  Code  Gb  fputc.o [3]
free                    0x08003a99   0x82  Code  Gb  xxmemxfree.o [3]
fseek                   0x08003c01   0x24  Code  Gb  fseek.o [3]
main                    0x08002b69  0x146  Code  Gb  main.o [1]
malloc                  0x080039dd   0xb6  Code  Gb  xxmemxmalloc.o [3]
mtx                     0x20000c1c   0x14  Data  Lc  xsyslock.o [3]
obuf                    0x20000ba8   0x50  Data  Lc  xfiles.o [3]
printf                  0x08003125   0x24  Code  Gb  printf.o [3]
putchar                 0x08003ed1    0xc  Code  Gb  putchar.o [3]
remove                  0x08003d43   0x16  Code  Gb  remove.o [6]
sFileInfo               0x20000a78   0x80  Data  Lc  XShHandles.o [3]
strlen                  0x0800330d         Code  Gb  strlen.o [5]
syslock_o               0x20000bf8    0x4  Data  Lc  xsyslock.o [3]


[1] = C:\Users\Lzs\Desktop\STM32Project-140923 - 12.21 -No print Final\EWARM\Debug\Obj
[2] = command line
[3] = dl7M_tlf.a
[4] = m7M_tlv.a
[5] = rt7M_tl.a
[6] = shb_l.a

  16 448 bytes of readonly  code memory
     288 bytes of readonly  data memory
   4 873 bytes of readwrite data memory

Errors: none
Warnings: none
